******************************************************************************
                  TI ARM Linker PC v18.12.4                    
******************************************************************************
>> Linked Wed Mar 11 01:07:58 2020

OUTPUT FILE NAME:   <Totooo.out>
ENTRY POINT SYMBOL: "_c_int00_noargs"  address: 0000157d


MEMORY CONFIGURATION

         name            origin    length      used     unused   attr    fill
----------------------  --------  ---------  --------  --------  ----  --------
  FLASH                 00000000   00040000  000016fc  0003e904  R  X
  SRAM                  20000000   00008000  00000325  00007cdb  RW X


SEGMENT ALLOCATION MAP

run origin  load origin   length   init length attrs members
----------  ----------- ---------- ----------- ----- -------
00000000    00000000    00001700   00001700    r-x
  00000000    00000000    0000026c   0000026c    r-- .intvecs
  0000026c    0000026c    00001388   00001388    r-x .text
  000015f8    000015f8    00000108   00000108    r-- .cinit
20000000    20000000    00000326   00000000    rw-
  20000000    20000000    00000200   00000000    rw- .stack
  20000200    20000200    00000103   00000000    rw- .data
  20000304    20000304    00000022   00000000    rw- .bss


SECTION ALLOCATION MAP

 output                                  attributes/
section   page    origin      length       input sections
--------  ----  ----------  ----------   ----------------
.intvecs   0    00000000    0000026c     
                  00000000    0000026c     tm4c123gh6pm_startup_ccs.obj (.intvecs)

.text      0    0000026c    00001388     
                  0000026c    0000043c     LCD.obj (.text)
                  000006a8    000003f4     main.obj (.text)
                  00000a9c    000002b0     KBD_program.obj (.text)
                  00000d4c    000002a4     DIO.obj (.text)
                  00000ff0    0000029c     EEPROM.obj (.text)
                  0000128c    00000124     FSM.obj (.text)
                  000013b0    0000009c     rtsv7M4_T_le_v4SPD16_eabi.lib : memcpy_t2.asm.obj (.text)
                  0000144c    00000068                                   : copy_decompress_lzss.c.obj (.text:decompress:lzss:__TI_decompress_lzss)
                  000014b4    00000050     driverlib.lib : sysctl.obj (.text:SysCtlPeripheralReset)
                  00001504    00000044     rtsv7M4_T_le_v4SPD16_eabi.lib : autoinit.c.obj (.text:__TI_auto_init_nobinit_nopinit:__TI_auto_init_nobinit_nopinit)
                  00001548    00000034     driverlib.lib : sysctl.obj (.text:SysCtlPeripheralEnable)
                  0000157c    00000034     rtsv7M4_T_le_v4SPD16_eabi.lib : boot_cortex_m.c.obj (.text:_c_int00_noargs:_c_int00_noargs)
                  000015b0    0000001c                                   : copy_zero_init.c.obj (.text:decompress:ZI:__TI_zero_init_nomemset:__TI_zero_init_nomemset)
                  000015cc    0000000e                                   : copy_decompress_none.c.obj (.text:decompress:none:__TI_decompress_none)
                  000015da    0000000c     tm4c123gh6pm_startup_ccs.obj (.text)
                  000015e6    00000006     driverlib.lib : sysctl.obj (.text:SysCtlDelay)
                  000015ec    00000004     rtsv7M4_T_le_v4SPD16_eabi.lib : pre_init.c.obj (.text:_system_pre_init)
                  000015f0    00000004                                   : exit.c.obj (.text:abort:abort)

.cinit     0    000015f8    00000108     
                  000015f8    000000e3     (.cinit..data.load) [load image, compression = lzss]
                  000016db    00000001     --HOLE-- [fill = 0]
                  000016dc    0000000c     (__TI_handler_table)
                  000016e8    00000008     (.cinit..bss.load) [load image, compression = zero_init]
                  000016f0    00000010     (__TI_cinit_table)

.init_array 
*          0    00000000    00000000     UNINITIALIZED

.data      0    20000200    00000103     UNINITIALIZED
                  20000200    00000018     DIO.obj (.data:DIO_AfselRegisters)
                  20000218    00000018     DIO.obj (.data:DIO_Amsel_Registers)
                  20000230    00000018     DIO.obj (.data:DIO_Commit_Registers)
                  20000248    00000018     DIO.obj (.data:DIO_DEN_Registers)
                  20000260    00000018     DIO.obj (.data:DIO_DirRegisters)
                  20000278    00000018     DIO.obj (.data:DIO_Lock_Registers)
                  20000290    00000018     DIO.obj (.data:DIO_OutRegisters)
                  200002a8    00000018     DIO.obj (.data:DIO_Port_Control_Registers)
                  200002c0    00000018     DIO.obj (.data:DIO_Port_Pull_Down)
                  200002d8    00000018     DIO.obj (.data:DIO_Port_Pull_Up)
                  200002f0    00000010     KBD_program.obj (.data:key_map)
                  20000300    00000002     FSM.obj (.data)
                  20000302    00000001     main.obj (.data)

.bss       0    20000304    00000022     UNINITIALIZED
                  20000304    00000010     (.common:keys)
                  20000314    00000004     (.common:Event_Reg)
                  20000318    00000004     (.common:KBD_Au8ColsPins)
                  2000031c    00000004     (.common:KBD_Au8RowsPins)
                  20000320    00000001     (.common:Init_Error)
                  20000321    00000001     (.common:Lock_Error)
                  20000322    00000001     (.common:Lock_State)
                  20000323    00000001     (.common:Set_Password_Error)
                  20000324    00000001     (.common:Unlock_Error)
                  20000325    00000001     (.common:pressed)

.stack     0    20000000    00000200     UNINITIALIZED
                  20000000    00000004     rtsv7M4_T_le_v4SPD16_eabi.lib : boot_cortex_m.c.obj (.stack)
                  20000004    000001fc     --HOLE--

MODULE SUMMARY

       Module                         code   ro data   rw data
       ------                         ----   -------   -------
    .\
       LCD.obj                        1084   0         0      
       main.obj                       1012   0         10     
       DIO.obj                        676    0         240    
       KBD_program.obj                688    0         41     
       EEPROM.obj                     668    0         0      
       tm4c123gh6pm_startup_ccs.obj   12     620       0      
       FSM.obj                        292    0         2      
    +--+------------------------------+------+---------+---------+
       Total:                         4432   620       293    
                                                              
    C:/ti/Labware/driverlib/ccs/Debug/driverlib.lib
       sysctl.obj                     138    0         0      
    +--+------------------------------+------+---------+---------+
       Total:                         138    0         0      
                                                              
    C:\ti\ccs930\ccs\tools\compiler\ti-cgt-arm_18.12.4.LTS\lib\rtsv7M4_T_le_v4SPD16_eabi.lib
       memcpy_t2.asm.obj              156    0         0      
       copy_decompress_lzss.c.obj     104    0         0      
       autoinit.c.obj                 68     0         0      
       boot_cortex_m.c.obj            52     0         0      
       copy_zero_init.c.obj           28     0         0      
       copy_decompress_none.c.obj     14     0         0      
       exit.c.obj                     4      0         0      
       pre_init.c.obj                 4      0         0      
    +--+------------------------------+------+---------+---------+
       Total:                         430    0         0      
                                                              
       Stack:                         0      0         512    
       Linker Generated:              0      263       0      
    +--+------------------------------+------+---------+---------+
       Grand Total:                   5000   883       805    


LINKER GENERATED COPY TABLES

__TI_cinit_table @ 000016f0 records: 2, size/record: 8, table size: 16
	.data: load addr=000015f8, load size=000000e3 bytes, run addr=20000200, run size=00000103 bytes, compression=lzss
	.bss: load addr=000016e8, load size=00000008 bytes, run addr=20000304, run size=00000022 bytes, compression=zero_init


LINKER GENERATED HANDLER TABLE

__TI_handler_table @ 000016dc records: 3, size/record: 4, table size: 12
	index: 0, handler: __TI_decompress_lzss
	index: 1, handler: __TI_decompress_none
	index: 2, handler: __TI_zero_init


GLOBAL SYMBOLS: SORTED ALPHABETICALLY BY Name 

address   name                          
-------   ----                          
000015f1  C$$EXIT                       
000012b5  Correct_Password_Handler      
20000200  DIO_AfselRegisters            
20000218  DIO_Amsel_Registers           
20000230  DIO_Commit_Registers          
20000248  DIO_DEN_Registers             
20000260  DIO_DirRegisters              
00000f73  DIO_GetPinValue               
20000278  DIO_Lock_Registers            
20000290  DIO_OutRegisters              
00000d4d  DIO_PortInit                  
200002a8  DIO_Port_Control_Registers    
200002c0  DIO_Port_Pull_Down            
200002d8  DIO_Port_Pull_Up              
00000e45  DIO_Pull_Pin_Down             
00000dfd  DIO_Pull_Pin_Up               
00000e8d  DIO_SetPinDirection           
00000eff  DIO_SetPinValue               
00000da1  DIO_SetPortDirection          
00000ddd  DIO_SetPortValue              
00001247  EEPROM_Get_Lock_State         
00000ff1  EEPROM_Init                   
0000119d  EEPROM_Lock                   
00001219  EEPROM_Mass_Erase             
0000104b  EEPROM_READ                   
00001157  EEPROM_Set_Password           
000011cf  EEPROM_Unlock                 
000010cd  EEPROM_Write                  
20000314  Event_Reg                     
000012cf  Incorrect_Password_Handler    
20000320  Init_Error                    
20000318  KBD_Au8ColsPins               
2000031c  KBD_Au8RowsPins               
00000cfd  KBD_keys_map                  
00000a9d  KBD_u8GetKeyPadState          
00000b55  KBD_u8Initialize              
000003bd  LCD_GoToXY                    
00000663  LCD_Init_8BIT                 
0000026d  LCD_SendCommand               
00000315  LCD_SendData                  
00000403  LCD_SendStr                   
00000433  LCD_WriteNum                  
20000321  Lock_Error                    
20000322  Lock_State                    
20000302  NextState                     
000012e9  ReadState                     
000015db  ResetISR                      
20000323  Set_Password_Error            
000015e7  SysCtlDelay                   
00001549  SysCtlPeripheralEnable        
000014b5  SysCtlPeripheralReset         
000012b1  Three_Hashes_Pressed_Handler  
0000128d  Three_Stars_Pressed_Handler   
20000324  Unlock_Error                  
20000200  __STACK_END                   
00000200  __STACK_SIZE                  
20000200  __STACK_TOP                   
000016f0  __TI_CINIT_Base               
00001700  __TI_CINIT_Limit              
000016dc  __TI_Handler_Table_Base       
000016e8  __TI_Handler_Table_Limit      
00001505  __TI_auto_init_nobinit_nopinit
0000144d  __TI_decompress_lzss          
000015cd  __TI_decompress_none          
ffffffff  __TI_pprof_out_hndl           
ffffffff  __TI_prof_data_size           
ffffffff  __TI_prof_data_start          
00000000  __TI_static_base__            
000015b1  __TI_zero_init_nomemset       
000013b1  __aeabi_memcpy                
000013b1  __aeabi_memcpy4               
000013b1  __aeabi_memcpy8               
ffffffff  __binit__                     
ffffffff  __c_args__                    
UNDEFED   __mpu_init                    
20000000  __stack                       
0000157d  _c_int00_noargs               
UNDEFED   _system_post_cinit            
000015ed  _system_pre_init              
000015f1  abort                         
ffffffff  binit                         
00000000  g_pfnVectors                  
200002f0  key_map                       
20000304  keys                          
000006a9  main                          
000013b1  memcpy                        
20000325  pressed                       


GLOBAL SYMBOLS: SORTED BY Symbol Address 

address   name                          
-------   ----                          
00000000  __TI_static_base__            
00000000  g_pfnVectors                  
00000200  __STACK_SIZE                  
0000026d  LCD_SendCommand               
00000315  LCD_SendData                  
000003bd  LCD_GoToXY                    
00000403  LCD_SendStr                   
00000433  LCD_WriteNum                  
00000663  LCD_Init_8BIT                 
000006a9  main                          
00000a9d  KBD_u8GetKeyPadState          
00000b55  KBD_u8Initialize              
00000cfd  KBD_keys_map                  
00000d4d  DIO_PortInit                  
00000da1  DIO_SetPortDirection          
00000ddd  DIO_SetPortValue              
00000dfd  DIO_Pull_Pin_Up               
00000e45  DIO_Pull_Pin_Down             
00000e8d  DIO_SetPinDirection           
00000eff  DIO_SetPinValue               
00000f73  DIO_GetPinValue               
00000ff1  EEPROM_Init                   
0000104b  EEPROM_READ                   
000010cd  EEPROM_Write                  
00001157  EEPROM_Set_Password           
0000119d  EEPROM_Lock                   
000011cf  EEPROM_Unlock                 
00001219  EEPROM_Mass_Erase             
00001247  EEPROM_Get_Lock_State         
0000128d  Three_Stars_Pressed_Handler   
000012b1  Three_Hashes_Pressed_Handler  
000012b5  Correct_Password_Handler      
000012cf  Incorrect_Password_Handler    
000012e9  ReadState                     
000013b1  __aeabi_memcpy                
000013b1  __aeabi_memcpy4               
000013b1  __aeabi_memcpy8               
000013b1  memcpy                        
0000144d  __TI_decompress_lzss          
000014b5  SysCtlPeripheralReset         
00001505  __TI_auto_init_nobinit_nopinit
00001549  SysCtlPeripheralEnable        
0000157d  _c_int00_noargs               
000015b1  __TI_zero_init_nomemset       
000015cd  __TI_decompress_none          
000015db  ResetISR                      
000015e7  SysCtlDelay                   
000015ed  _system_pre_init              
000015f1  C$$EXIT                       
000015f1  abort                         
000016dc  __TI_Handler_Table_Base       
000016e8  __TI_Handler_Table_Limit      
000016f0  __TI_CINIT_Base               
00001700  __TI_CINIT_Limit              
20000000  __stack                       
20000200  DIO_AfselRegisters            
20000200  __STACK_END                   
20000200  __STACK_TOP                   
20000218  DIO_Amsel_Registers           
20000230  DIO_Commit_Registers          
20000248  DIO_DEN_Registers             
20000260  DIO_DirRegisters              
20000278  DIO_Lock_Registers            
20000290  DIO_OutRegisters              
200002a8  DIO_Port_Control_Registers    
200002c0  DIO_Port_Pull_Down            
200002d8  DIO_Port_Pull_Up              
200002f0  key_map                       
20000302  NextState                     
20000304  keys                          
20000314  Event_Reg                     
20000318  KBD_Au8ColsPins               
2000031c  KBD_Au8RowsPins               
20000320  Init_Error                    
20000321  Lock_Error                    
20000322  Lock_State                    
20000323  Set_Password_Error            
20000324  Unlock_Error                  
20000325  pressed                       
ffffffff  __TI_pprof_out_hndl           
ffffffff  __TI_prof_data_size           
ffffffff  __TI_prof_data_start          
ffffffff  __binit__                     
ffffffff  __c_args__                    
ffffffff  binit                         
UNDEFED   __mpu_init                    
UNDEFED   _system_post_cinit            

[87 symbols]
