******************************************************************************
                  TI ARM Linker PC v18.12.4                    
******************************************************************************
>> Linked Tue Mar 10 14:16:59 2020

OUTPUT FILE NAME:   <Totooo.out>
ENTRY POINT SYMBOL: "_c_int00_noargs"  address: 00000dc9


MEMORY CONFIGURATION

         name            origin    length      used     unused   attr    fill
----------------------  --------  ---------  --------  --------  ----  --------
  FLASH                 00000000   00040000  00000f48  0003f0b8  R  X
  SRAM                  20000000   00008000  00000308  00007cf8  RW X


SEGMENT ALLOCATION MAP

run origin  load origin   length   init length attrs members
----------  ----------- ---------- ----------- ----- -------
00000000    00000000    00000f48   00000f48    r-x
  00000000    00000000    0000026c   0000026c    r-- .intvecs
  0000026c    0000026c    00000bd4   00000bd4    r-x .text
  00000e40    00000e40    00000108   00000108    r-- .cinit
20000000    20000000    00000308   00000000    rw-
  20000000    20000000    00000200   00000000    rw- .stack
  20000200    20000200    00000100   00000000    rw- .data
  20000300    20000300    00000008   00000000    rw- .bss


SECTION ALLOCATION MAP

 output                                  attributes/
section   page    origin      length       input sections
--------  ----  ----------  ----------   ----------------
.intvecs   0    00000000    0000026c     
                  00000000    0000026c     tm4c123gh6pm_startup_ccs.obj (.intvecs)

.text      0    0000026c    00000bd4     
                  0000026c    0000043c     LCD.obj (.text)
                  000006a8    000002b0     KBD_program.obj (.text)
                  00000958    000002a4     DIO.obj (.text)
                  00000bfc    0000009c     rtsv7M4_T_le_v4SPD16_eabi.lib : memcpy_t2.asm.obj (.text)
                  00000c98    00000084     main.obj (.text)
                  00000d1c    00000068     rtsv7M4_T_le_v4SPD16_eabi.lib : copy_decompress_lzss.c.obj (.text:decompress:lzss:__TI_decompress_lzss)
                  00000d84    00000044                                   : autoinit.c.obj (.text:__TI_auto_init_nobinit_nopinit:__TI_auto_init_nobinit_nopinit)
                  00000dc8    00000034                                   : boot_cortex_m.c.obj (.text:_c_int00_noargs:_c_int00_noargs)
                  00000dfc    0000001c                                   : copy_zero_init.c.obj (.text:decompress:ZI:__TI_zero_init_nomemset:__TI_zero_init_nomemset)
                  00000e18    0000000e                                   : copy_decompress_none.c.obj (.text:decompress:none:__TI_decompress_none)
                  00000e26    0000000c     tm4c123gh6pm_startup_ccs.obj (.text)
                  00000e32    00000006     driverlib.lib : sysctl.obj (.text:SysCtlDelay)
                  00000e38    00000004     rtsv7M4_T_le_v4SPD16_eabi.lib : pre_init.c.obj (.text:_system_pre_init)
                  00000e3c    00000004                                   : exit.c.obj (.text:abort:abort)

.cinit     0    00000e40    00000108     
                  00000e40    000000e0     (.cinit..data.load) [load image, compression = lzss]
                  00000f20    0000000c     (__TI_handler_table)
                  00000f2c    00000004     --HOLE-- [fill = 0]
                  00000f30    00000008     (.cinit..bss.load) [load image, compression = zero_init]
                  00000f38    00000010     (__TI_cinit_table)

.init_array 
*          0    00000000    00000000     UNINITIALIZED

.data      0    20000200    00000100     UNINITIALIZED
                  20000200    00000018     DIO.obj (.data:DIO_AfselRegisters)
                  20000218    00000018     DIO.obj (.data:DIO_Amsel_Registers)
                  20000230    00000018     DIO.obj (.data:DIO_Commit_Registers)
                  20000248    00000018     DIO.obj (.data:DIO_DEN_Registers)
                  20000260    00000018     DIO.obj (.data:DIO_DirRegisters)
                  20000278    00000018     DIO.obj (.data:DIO_Lock_Registers)
                  20000290    00000018     DIO.obj (.data:DIO_OutRegisters)
                  200002a8    00000018     DIO.obj (.data:DIO_Port_Control_Registers)
                  200002c0    00000018     DIO.obj (.data:DIO_Port_Pull_Down)
                  200002d8    00000018     DIO.obj (.data:DIO_Port_Pull_Up)
                  200002f0    00000010     KBD_program.obj (.data:key_map)

.bss       0    20000300    00000008     UNINITIALIZED
                  20000300    00000004     (.common:KBD_Au8ColsPins)
                  20000304    00000004     (.common:KBD_Au8RowsPins)

.stack     0    20000000    00000200     UNINITIALIZED
                  20000000    00000004     rtsv7M4_T_le_v4SPD16_eabi.lib : boot_cortex_m.c.obj (.stack)
                  20000004    000001fc     --HOLE--

MODULE SUMMARY

       Module                         code   ro data   rw data
       ------                         ----   -------   -------
    .\
       LCD.obj                        1084   0         0      
       DIO.obj                        676    0         240    
       KBD_program.obj                688    0         24     
       tm4c123gh6pm_startup_ccs.obj   12     620       0      
       main.obj                       132    0         0      
    +--+------------------------------+------+---------+---------+
       Total:                         2592   620       264    
                                                              
    C:/ti/Labware/driverlib/ccs/Debug/driverlib.lib
       sysctl.obj                     6      0         0      
    +--+------------------------------+------+---------+---------+
       Total:                         6      0         0      
                                                              
    C:\ti\ccs930\ccs\tools\compiler\ti-cgt-arm_18.12.4.LTS\lib\rtsv7M4_T_le_v4SPD16_eabi.lib
       memcpy_t2.asm.obj              156    0         0      
       copy_decompress_lzss.c.obj     104    0         0      
       autoinit.c.obj                 68     0         0      
       boot_cortex_m.c.obj            52     0         0      
       copy_zero_init.c.obj           28     0         0      
       copy_decompress_none.c.obj     14     0         0      
       exit.c.obj                     4      0         0      
       pre_init.c.obj                 4      0         0      
    +--+------------------------------+------+---------+---------+
       Total:                         430    0         0      
                                                              
       Stack:                         0      0         512    
       Linker Generated:              0      260       0      
    +--+------------------------------+------+---------+---------+
       Grand Total:                   3028   880       776    


LINKER GENERATED COPY TABLES

__TI_cinit_table @ 00000f38 records: 2, size/record: 8, table size: 16
	.data: load addr=00000e40, load size=000000e0 bytes, run addr=20000200, run size=00000100 bytes, compression=lzss
	.bss: load addr=00000f30, load size=00000008 bytes, run addr=20000300, run size=00000008 bytes, compression=zero_init


LINKER GENERATED HANDLER TABLE

__TI_handler_table @ 00000f20 records: 3, size/record: 4, table size: 12
	index: 0, handler: __TI_decompress_lzss
	index: 1, handler: __TI_decompress_none
	index: 2, handler: __TI_zero_init


GLOBAL SYMBOLS: SORTED ALPHABETICALLY BY Name 

address   name                          
-------   ----                          
00000e3d  C$$EXIT                       
20000200  DIO_AfselRegisters            
20000218  DIO_Amsel_Registers           
20000230  DIO_Commit_Registers          
20000248  DIO_DEN_Registers             
20000260  DIO_DirRegisters              
00000b7f  DIO_GetPinValue               
20000278  DIO_Lock_Registers            
20000290  DIO_OutRegisters              
00000959  DIO_PortInit                  
200002a8  DIO_Port_Control_Registers    
200002c0  DIO_Port_Pull_Down            
200002d8  DIO_Port_Pull_Up              
00000a51  DIO_Pull_Pin_Down             
00000a09  DIO_Pull_Pin_Up               
00000a99  DIO_SetPinDirection           
00000b0b  DIO_SetPinValue               
000009ad  DIO_SetPortDirection          
000009e9  DIO_SetPortValue              
20000300  KBD_Au8ColsPins               
20000304  KBD_Au8RowsPins               
00000909  KBD_keys_map                  
000006a9  KBD_u8GetKeyPadState          
00000761  KBD_u8Initialize              
000003bd  LCD_GoToXY                    
00000663  LCD_Init_8BIT                 
0000026d  LCD_SendCommand               
00000315  LCD_SendData                  
00000403  LCD_SendStr                   
00000433  LCD_WriteNum                  
00000e27  ResetISR                      
00000e33  SysCtlDelay                   
20000200  __STACK_END                   
00000200  __STACK_SIZE                  
20000200  __STACK_TOP                   
00000f38  __TI_CINIT_Base               
00000f48  __TI_CINIT_Limit              
00000f20  __TI_Handler_Table_Base       
00000f2c  __TI_Handler_Table_Limit      
00000d85  __TI_auto_init_nobinit_nopinit
00000d1d  __TI_decompress_lzss          
00000e19  __TI_decompress_none          
ffffffff  __TI_pprof_out_hndl           
ffffffff  __TI_prof_data_size           
ffffffff  __TI_prof_data_start          
00000000  __TI_static_base__            
00000dfd  __TI_zero_init_nomemset       
00000bfd  __aeabi_memcpy                
00000bfd  __aeabi_memcpy4               
00000bfd  __aeabi_memcpy8               
ffffffff  __binit__                     
ffffffff  __c_args__                    
UNDEFED   __mpu_init                    
20000000  __stack                       
00000dc9  _c_int00_noargs               
UNDEFED   _system_post_cinit            
00000e39  _system_pre_init              
00000e3d  abort                         
ffffffff  binit                         
00000000  g_pfnVectors                  
200002f0  key_map                       
00000c99  main                          
00000bfd  memcpy                        


GLOBAL SYMBOLS: SORTED BY Symbol Address 

address   name                          
-------   ----                          
00000000  __TI_static_base__            
00000000  g_pfnVectors                  
00000200  __STACK_SIZE                  
0000026d  LCD_SendCommand               
00000315  LCD_SendData                  
000003bd  LCD_GoToXY                    
00000403  LCD_SendStr                   
00000433  LCD_WriteNum                  
00000663  LCD_Init_8BIT                 
000006a9  KBD_u8GetKeyPadState          
00000761  KBD_u8Initialize              
00000909  KBD_keys_map                  
00000959  DIO_PortInit                  
000009ad  DIO_SetPortDirection          
000009e9  DIO_SetPortValue              
00000a09  DIO_Pull_Pin_Up               
00000a51  DIO_Pull_Pin_Down             
00000a99  DIO_SetPinDirection           
00000b0b  DIO_SetPinValue               
00000b7f  DIO_GetPinValue               
00000bfd  __aeabi_memcpy                
00000bfd  __aeabi_memcpy4               
00000bfd  __aeabi_memcpy8               
00000bfd  memcpy                        
00000c99  main                          
00000d1d  __TI_decompress_lzss          
00000d85  __TI_auto_init_nobinit_nopinit
00000dc9  _c_int00_noargs               
00000dfd  __TI_zero_init_nomemset       
00000e19  __TI_decompress_none          
00000e27  ResetISR                      
00000e33  SysCtlDelay                   
00000e39  _system_pre_init              
00000e3d  C$$EXIT                       
00000e3d  abort                         
00000f20  __TI_Handler_Table_Base       
00000f2c  __TI_Handler_Table_Limit      
00000f38  __TI_CINIT_Base               
00000f48  __TI_CINIT_Limit              
20000000  __stack                       
20000200  DIO_AfselRegisters            
20000200  __STACK_END                   
20000200  __STACK_TOP                   
20000218  DIO_Amsel_Registers           
20000230  DIO_Commit_Registers          
20000248  DIO_DEN_Registers             
20000260  DIO_DirRegisters              
20000278  DIO_Lock_Registers            
20000290  DIO_OutRegisters              
200002a8  DIO_Port_Control_Registers    
200002c0  DIO_Port_Pull_Down            
200002d8  DIO_Port_Pull_Up              
200002f0  key_map                       
20000300  KBD_Au8ColsPins               
20000304  KBD_Au8RowsPins               
ffffffff  __TI_pprof_out_hndl           
ffffffff  __TI_prof_data_size           
ffffffff  __TI_prof_data_start          
ffffffff  __binit__                     
ffffffff  __c_args__                    
ffffffff  binit                         
UNDEFED   __mpu_init                    
UNDEFED   _system_post_cinit            

[63 symbols]
