******************************************************************************
                  TI ARM Linker PC v18.12.4                    
******************************************************************************
>> Linked Mon Mar  9 15:16:38 2020

OUTPUT FILE NAME:   <Totooo.out>
ENTRY POINT SYMBOL: "_c_int00_noinit_noargs"  address: 000005bd


MEMORY CONFIGURATION

         name            origin    length      used     unused   attr    fill
----------------------  --------  ---------  --------  --------  ----  --------
  FLASH                 00000000   00040000  00000602  0003f9fe  R  X
  SRAM                  20000000   00008000  00000200  00007e00  RW X


SEGMENT ALLOCATION MAP

run origin  load origin   length   init length attrs members
----------  ----------- ---------- ----------- ----- -------
00000000    00000000    00000602   00000602    r-x
  00000000    00000000    0000026c   0000026c    r-- .intvecs
  0000026c    0000026c    00000396   00000396    r-x .text
20000000    20000000    00000200   00000000    rw-
  20000000    20000000    00000200   00000000    rw- .stack


SECTION ALLOCATION MAP

 output                                  attributes/
section   page    origin      length       input sections
--------  ----  ----------  ----------   ----------------
.intvecs   0    00000000    0000026c     
                  00000000    0000026c     tm4c123gh6pm_startup_ccs.obj (.intvecs)

.text      0    0000026c    00000396     
                  0000026c    0000029c     EEPROM.obj (.text)
                  00000508    00000050     driverlib.lib : sysctl.obj (.text:SysCtlPeripheralReset)
                  00000558    00000034                   : sysctl.obj (.text:SysCtlPeripheralEnable)
                  0000058c    00000030     main.obj (.text)
                  000005bc    0000002c     rtsv7M4_T_le_v4SPD16_eabi.lib : boot_cortex_m.c.obj (.text:_c_int00_noinit_noargs:_c_int00_noinit_noargs)
                  000005e8    0000000c     tm4c123gh6pm_startup_ccs.obj (.text)
                  000005f4    00000006     driverlib.lib : sysctl.obj (.text:SysCtlDelay)
                  000005fa    00000004     rtsv7M4_T_le_v4SPD16_eabi.lib : pre_init.c.obj (.text:_system_pre_init)
                  000005fe    00000004                                   : exit.c.obj (.text:abort:abort)

.cinit     0    00000000    00000000     UNINITIALIZED

.init_array 
*          0    00000000    00000000     UNINITIALIZED

.stack     0    20000000    00000200     UNINITIALIZED
                  20000000    00000004     rtsv7M4_T_le_v4SPD16_eabi.lib : boot_cortex_m.c.obj (.stack)
                  20000004    000001fc     --HOLE--

MODULE SUMMARY

       Module                         code   ro data   rw data
       ------                         ----   -------   -------
    .\
       EEPROM.obj                     668    0         0      
       tm4c123gh6pm_startup_ccs.obj   12     620       0      
       main.obj                       48     0         0      
    +--+------------------------------+------+---------+---------+
       Total:                         728    620       0      
                                                              
    C:/ti/Labware/driverlib/ccs/Debug/driverlib.lib
       sysctl.obj                     138    0         0      
    +--+------------------------------+------+---------+---------+
       Total:                         138    0         0      
                                                              
    C:\ti\ccs930\ccs\tools\compiler\ti-cgt-arm_18.12.4.LTS\lib\rtsv7M4_T_le_v4SPD16_eabi.lib
       boot_cortex_m.c.obj            44     0         0      
       exit.c.obj                     4      0         0      
       pre_init.c.obj                 4      0         0      
    +--+------------------------------+------+---------+---------+
       Total:                         52     0         0      
                                                              
       Stack:                         0      0         512    
    +--+------------------------------+------+---------+---------+
       Grand Total:                   918    620       512    


GLOBAL SYMBOLS: SORTED ALPHABETICALLY BY Name 

address   name                  
-------   ----                  
000005ff  C$$EXIT               
000004c3  EEPROM_Get_Lock_State 
0000026d  EEPROM_Init           
00000419  EEPROM_Lock           
00000495  EEPROM_Mass_Erase     
000002c7  EEPROM_READ           
000003d3  EEPROM_Set_Password   
0000044b  EEPROM_Unlock         
00000349  EEPROM_Write          
000005e9  ResetISR              
000005f5  SysCtlDelay           
00000559  SysCtlPeripheralEnable
00000509  SysCtlPeripheralReset 
20000200  __STACK_END           
00000200  __STACK_SIZE          
20000200  __STACK_TOP           
ffffffff  __TI_pprof_out_hndl   
ffffffff  __TI_prof_data_size   
ffffffff  __TI_prof_data_start  
00000000  __TI_static_base__    
ffffffff  __binit__             
ffffffff  __c_args__            
UNDEFED   __mpu_init            
20000000  __stack               
000005bd  _c_int00_noinit_noargs
000005fb  _system_pre_init      
000005ff  abort                 
ffffffff  binit                 
00000000  g_pfnVectors          
0000058d  main                  


GLOBAL SYMBOLS: SORTED BY Symbol Address 

address   name                  
-------   ----                  
00000000  __TI_static_base__    
00000000  g_pfnVectors          
00000200  __STACK_SIZE          
0000026d  EEPROM_Init           
000002c7  EEPROM_READ           
00000349  EEPROM_Write          
000003d3  EEPROM_Set_Password   
00000419  EEPROM_Lock           
0000044b  EEPROM_Unlock         
00000495  EEPROM_Mass_Erase     
000004c3  EEPROM_Get_Lock_State 
00000509  SysCtlPeripheralReset 
00000559  SysCtlPeripheralEnable
0000058d  main                  
000005bd  _c_int00_noinit_noargs
000005e9  ResetISR              
000005f5  SysCtlDelay           
000005fb  _system_pre_init      
000005ff  C$$EXIT               
000005ff  abort                 
20000000  __stack               
20000200  __STACK_END           
20000200  __STACK_TOP           
ffffffff  __TI_pprof_out_hndl   
ffffffff  __TI_prof_data_size   
ffffffff  __TI_prof_data_start  
ffffffff  __binit__             
ffffffff  __c_args__            
ffffffff  binit                 
UNDEFED   __mpu_init            

[30 symbols]
